
RCS file:        junk/RCS/dummy,v;   Working file:    junk/dummy
head:            4.1
branch:          
locks:           USER: 4.1;  strict
access list:     USER
symbolic names:  case2_d: 4.1;  case2_c: 1.3;  case2_b: 1.2;
comment leader:  "# "
total revisions: 4;    selected revisions: 4
description:
----------------------------
revision 4.1        locked by: USER;       
date: 90/02/02 12:34:56;  author: USER;  state: Exp;  lines added/del: 1/1
no-change
----------------------------
revision 1.3        
date: 90/02/02 12:34:56;  author: USER;  state: Exp;  lines added/del: 2/1
new-line
----------------------------
revision 1.2        
date: 89/02/02 12:34:56;  author: USER;  state: Exp;  lines added/del: 1/1
new-date
----------------------------
revision 1.1        
date: 88/01/01 12:34:56;  author: USER;  state: Exp;  
RCS_BASE
=============================================================================
