
RCS file:        junk/RCS/dummy,v;   Working file:    junk/dummy
head:            2.3
branch:          
locks:           USER: 2.3;  strict
access list:     USER
symbolic names:  case3_c: 2.3;  case3_b: 2.2;
comment leader:  "# "
total revisions: 3;    selected revisions: 3
description:
----------------------------
revision 2.3        locked by: USER;       
date: 90/02/02 12:34:56;  author: USER;  state: Exp;  lines added/del: 1/0
new-line
----------------------------
revision 2.2        
date: 89/02/02 12:34:56;  author: USER;  state: Exp;  lines added/del: 2/2
new-date
----------------------------
revision 2.1        
date: 88/01/01 12:34:56;  author: USER;  state: Exp;  
RCS_BASE
=============================================================================
