
RCS file: junk/RCS/dummy,v
Working file: junk/dummy
head: 2.1
branch:
locks: strict
	USER: 2.1
access list:
	ADMIN
	USER
symbolic names:
comment leader: "# "
keyword substitution: kv
total revisions: 1;	selected revisions: 1
description:
----------------------------
revision 2.1	locked by: USER;
date: 1988/01/01 17:34:56;  author: USER;  state: Exp;
RCS_BASE
=============================================================================
