** SRC=.
** DST=junk
** src-path = PWD/test
** dst-path = PWD/junk
** (no change)     test
** (no change)     test/RCS
** (no change)     test/other
** make directory: test/subdir
% mkdir test/subdir
** link-to-RCS:    test/subdir/RCS
% ln -s PWD/test/subdir/RCS test/subdir/RCS
** link-to-SCCS    test/subdir/SCCS
% ln -s PWD/test/subdir/SCCS test/subdir/SCCS
** make directory: test/subdir/first
% mkdir test/subdir/first
Totals: 2 directories, 2 soft links, 0 hard links (0 remade) made
Resulting tree:
